// Jest Snapshot v1, https://goo.gl/fbAQLP

exports[`should match snapshot 1`] = `
<div>
  <h1
    data-testid="detail-id"
  >
    Hello World
  </h1>
</div>
`;
